// Jest Snapshot v1, https://goo.gl/fbAQLP

exports[`Openstack tests should render default Openstack component 1`] = `
<Component>
  <Component
    headingLevel="h1"
    size="lg"
  >
    Openshift Cluster Data
  </Component>
</Component>
`;
